# serializer version: 1
# name: TestAssetDataProcessing.test_asset_creation_with_complex_metadata[0]
  dict({
    'asset_key': 'analytics/complex_table',
    'asset_key_parts': list([
      'analytics',
      'complex_table',
    ]),
    'automation_condition': None,
    'backfill_policy': None,
    'dependency_keys': list([
    ]),
    'description': 'Complex asset with various metadata types',
    'downstream_keys': None,
    'group_name': 'analytics',
    'id': 'complex-asset',
    'job_names': None,
    'kinds': list([
      'dbt',
      'table',
      'materialized',
    ]),
    'metadata_entries': list([
      dict({
        'description': 'Some text',
        'label': 'text_meta',
        'text': 'example_text',
      }),
      dict({
        'description': 'Documentation',
        'label': 'url_meta',
        'url': 'https://docs.example.com',
      }),
      dict({
        'description': 'File path',
        'label': 'path_meta',
        'path': '/data/warehouse/table.sql',
      }),
      dict({
        'description': 'Config',
        'jsonString': '{"key": "value"}',
        'label': 'json_meta',
      }),
      dict({
        'description': 'Notes',
        'label': 'markdown_meta',
        'mdStr': '''
          # Notes
          This is markdown
        ''',
      }),
      dict({
        'description': 'Python class',
        'label': 'python_meta',
        'module': 'mymodule',
        'name': 'MyClass',
      }),
      dict({
        'description': 'Score',
        'floatValue': 95.5,
        'label': 'float_meta',
      }),
      dict({
        'description': 'Count',
        'intValue': 42,
        'label': 'int_meta',
      }),
      dict({
        'boolValue': True,
        'description': 'Is active',
        'label': 'bool_meta',
      }),
    ]),
    'owners': None,
    'partition_definition': None,
    'tags': None,
    'upstream_dependencies': None,
  })
# ---
# name: TestEvaluationDataModels.test_evaluation_record_json_round_trip[0]
  dict({
    'end_timestamp': 1706745610.0,
    'evaluation_id': 42,
    'evaluation_nodes': list([
      dict({
        'child_unique_ids': list([
        ]),
        'end_timestamp': 1706745610.0,
        'expanded_label': list([
          'Any',
          'deps',
          'updated',
        ]),
        'is_partitioned': True,
        'num_candidates': 5,
        'num_true': 3,
        'operator_type': 'AND',
        'start_timestamp': 1706745600.0,
        'unique_id': 'root_node',
        'user_label': 'eager',
      }),
    ]),
    'num_requested': 5,
    'root_unique_id': 'root_node',
    'run_ids': list([
      'run-1',
      'run-2',
    ]),
    'start_timestamp': 1706745600.0,
    'timestamp': 1706745600.0,
  })
# ---
