// Jest Snapshot v1, https://goo.gl/fbAQLP

exports[`renders given an execution plan 1`] = `
<div
  className="sc-kpOJdX jndBBL"
>
  <div
    className="sc-dxgOiQ fadtH"
  >
    <div
      className="sc-jKJlTe cfZPIV"
    />
    <div
      className="sc-ckVGcZ bAlAvs"
    >
      <div
        className="sc-eNQAEJ dFDICy"
      />
       
    </div>
    <div>
      <div
        className="sc-jTzLTM iGhCxz"
      >
        <div
          className="waiting sc-fjdhpX hvRudt"
          onClick={[Function]}
          style={
            Object {
              "transitionDelay": "-100ms",
            }
          }
        >
          <div
            className="sc-VigVT eXyvQa"
            style={
              Object {
                "transitionDelay": "-100ms",
              }
            }
          />
          <div
            style={
              Object {
                "alignItems": "center",
                "display": "inline-flex",
              }
            }
          >
            <div
              className="sc-htoDjs jhbWLY"
              onClick={[Function]}
            >
              <div
                className="sc-iwsKbI fGxoXJ"
                style={
                  Object {
                    "transitionDelay": "-100ms",
                  }
                }
                title="Waiting"
              />
              <div
                style={
                  Object {
                    "width": 4,
                  }
                }
              />
            </div>
            <div
              className="sc-gqjmRU jxxYey"
              title="raw_file_event_admins.compute"
            >
              raw_file_event_admins.compute
            </div>
          </div>
        </div>
      </div>
    </div>
  </div>
</div>
`;
