// Jest Snapshot v1, https://goo.gl/fbAQLP

exports[`renders given an execution plan 1`] = `
<div
  className="sc-gPEVay dqfDSs"
>
  <div
    className="sc-iRbamj gFahqd"
  >
    <div
      className="sc-gipzik fHuHVs"
    />
    <div
      className="sc-jlyJG hWPNrL"
    >
      <div
        className="sc-csuQGl gTDFOn"
      />
       
    </div>
    <div>
      <div
        className="sc-hSdWYo dehZzu"
      >
        <div
          className="waiting sc-eHgmQL jmkMGW"
          onClick={[Function]}
          style={
            Object {
              "transitionDelay": "-100ms",
            }
          }
        >
          <div
            className="sc-iAyFgw lfuIeJ"
            style={
              Object {
                "transitionDelay": "-100ms",
              }
            }
          />
          <div
            style={
              Object {
                "alignItems": "center",
                "display": "inline-flex",
              }
            }
          >
            <div
              className="sc-eNQAEJ cUpgIn"
              onClick={[Function]}
            >
              <div
                className="sc-htoDjs eGkjMF"
                style={
                  Object {
                    "transitionDelay": "-100ms",
                  }
                }
                title="Waiting"
              />
              <div
                style={
                  Object {
                    "width": 4,
                  }
                }
              />
            </div>
            <div
              className="sc-kkGfuU iFdxDN"
              title="raw_file_event_admins.compute"
            >
              raw_file_event_admins.compute
            </div>
          </div>
        </div>
      </div>
    </div>
  </div>
</div>
`;
