// Jest Snapshot v1, https://goo.gl/fbAQLP

exports[`renders given materializations and passing expectations 1`] = `
<div
  className="sc-cvbbAY hfeZiW"
>
  <div
    className="sc-jWBwVP hWwbFH succeeded"
    onClick={[Function]}
    style={
      Object {
        "transitionDelay": "200ms",
      }
    }
  >
    <div
      className="sc-eHgmQL cqcnQe"
      style={
        Object {
          "transitionDelay": "200ms",
        }
      }
    />
    <div
      style={
        Object {
          "alignItems": "center",
          "display": "inline-flex",
        }
      }
    >
      <div
        className="sc-kEYyzF cqxKEW"
        onClick={[Function]}
      >
        <div
          className="sc-htoDjs liUGcD"
          style={
            Object {
              "transitionDelay": "200ms",
            }
          }
          title="Succeeded"
        />
        <div
          style={
            Object {
              "width": 4,
            }
          }
        />
        <div
          className="sc-kkGfuU jBLgdJ"
          onClick={[Function]}
        />
      </div>
      <div
        className="sc-hSdWYo ehFkqL"
        title="many_materializations_and_passing_expectations"
      >
        many_materializations_and_passing_expectations
      </div>
      <div
        className="sc-iAyFgw cwQFkd"
        style={
          Object {
            "minWidth": 47.6,
          }
        }
      >
        21 msec
      </div>
    </div>
  </div>
</div>
`;

exports[`renders given materializations and passing expectations 2`] = `
<div
  className="sc-cvbbAY hfeZiW"
>
  <div
    className="sc-jWBwVP hWwbFH succeeded"
    onClick={[Function]}
    style={
      Object {
        "transitionDelay": "200ms",
      }
    }
  >
    <div
      className="sc-eHgmQL cqcnQe"
      style={
        Object {
          "transitionDelay": "200ms",
        }
      }
    />
    <div
      style={
        Object {
          "alignItems": "center",
          "display": "inline-flex",
        }
      }
    >
      <div
        className="sc-kEYyzF cqxKEW"
        onClick={[Function]}
      >
        <div
          className="sc-htoDjs liUGcD"
          style={
            Object {
              "transitionDelay": "200ms",
            }
          }
          title="Succeeded"
        />
        <div
          style={
            Object {
              "width": 4,
            }
          }
        />
        <div
          className="sc-kkGfuU jBLgdJ"
          onClick={[Function]}
        />
      </div>
      <div
        className="sc-hSdWYo ehFkqL"
        title="many_materializations_and_passing_expectations"
      >
        many_materializations_and_passing_expectations
      </div>
      <div
        className="sc-iAyFgw cwQFkd"
        style={
          Object {
            "minWidth": 47.6,
          }
        }
      >
        21 msec
      </div>
    </div>
  </div>
</div>
`;
