# serializer version: 1
# name: TestFormatDeployments.test_format_deployments_json_output[0]
  dict({
    'items': list([
      dict({
        'id': 6935,
        'name': 'uat',
        'type': 'PRODUCTION',
      }),
      dict({
        'id': 6936,
        'name': 'excessive',
        'type': 'PRODUCTION',
      }),
      dict({
        'id': 84915,
        'name': 'ben-test',
        'type': 'PRODUCTION',
      }),
      dict({
        'id': 37,
        'name': 'ecs',
        'type': 'PRODUCTION',
      }),
      dict({
        'id': 6934,
        'name': 'staging',
        'type': 'PRODUCTION',
      }),
      dict({
        'id': 80,
        'name': 'prod',
        'type': 'PRODUCTION',
      }),
    ]),
    'total': 6,
  })
# ---
# name: TestFormatDeployments.test_format_deployments_markdown_output[0]
  '''
  # Deployments
  
  | Name | ID | Type |
  |------|-----|------|
  | uat | 6935 | PRODUCTION |
  | excessive | 6936 | PRODUCTION |
  | ben-test | 84915 | PRODUCTION |
  | ecs | 37 | PRODUCTION |
  | staging | 6934 | PRODUCTION |
  | prod | 80 | PRODUCTION |
  '''
# ---
# name: TestFormatDeployments.test_format_deployments_text_output[0]
  '''
  ┏━━━━━━━━━━━━┳━━━━━━━━┳━━━━━━━━━━━━┓
  ┃ Name       ┃     ID ┃ Type       ┃
  ┡━━━━━━━━━━━━╇━━━━━━━━╇━━━━━━━━━━━━┩
  │ uat        │   6935 │ PRODUCTION │
  │ excessive  │   6936 │ PRODUCTION │
  │ ben-test   │  84915 │ PRODUCTION │
  │ ecs        │     37 │ PRODUCTION │
  │ staging    │   6934 │ PRODUCTION │
  │ prod       │     80 │ PRODUCTION │
  └────────────┴────────┴────────────┘
  '''
# ---
# name: TestFormatDeployments.test_format_empty_deployments_markdown_output[0]
  'No deployments found.'
# ---
# name: TestProcessDeploymentsResponse.test_empty_response_processing[0]
  DeploymentList(items=[Deployment(id=6935, name='uat', type=<DeploymentType.PRODUCTION: 'PRODUCTION'>), Deployment(id=6936, name='excessive', type=<DeploymentType.PRODUCTION: 'PRODUCTION'>), Deployment(id=84915, name='ben-test', type=<DeploymentType.PRODUCTION: 'PRODUCTION'>), Deployment(id=37, name='ecs', type=<DeploymentType.PRODUCTION: 'PRODUCTION'>), Deployment(id=6934, name='staging', type=<DeploymentType.PRODUCTION: 'PRODUCTION'>), Deployment(id=80, name='prod', type=<DeploymentType.PRODUCTION: 'PRODUCTION'>)], total=6)
# ---
# name: TestProcessDeploymentsResponse.test_missing_full_deployments_key[0]
  DeploymentList(items=[], total=0)
# ---
# name: TestProcessDeploymentsResponse.test_response_processing_with_limit[0]
  DeploymentList(items=[Deployment(id=6935, name='uat', type=<DeploymentType.PRODUCTION: 'PRODUCTION'>), Deployment(id=6936, name='excessive', type=<DeploymentType.PRODUCTION: 'PRODUCTION'>), Deployment(id=84915, name='ben-test', type=<DeploymentType.PRODUCTION: 'PRODUCTION'>), Deployment(id=37, name='ecs', type=<DeploymentType.PRODUCTION: 'PRODUCTION'>), Deployment(id=6934, name='staging', type=<DeploymentType.PRODUCTION: 'PRODUCTION'>), Deployment(id=80, name='prod', type=<DeploymentType.PRODUCTION: 'PRODUCTION'>)], total=6)
# ---
# name: TestProcessDeploymentsResponse.test_successful_response_processing[0]
  DeploymentList(items=[Deployment(id=6935, name='uat', type=<DeploymentType.PRODUCTION: 'PRODUCTION'>), Deployment(id=6936, name='excessive', type=<DeploymentType.PRODUCTION: 'PRODUCTION'>), Deployment(id=84915, name='ben-test', type=<DeploymentType.PRODUCTION: 'PRODUCTION'>), Deployment(id=37, name='ecs', type=<DeploymentType.PRODUCTION: 'PRODUCTION'>), Deployment(id=6934, name='staging', type=<DeploymentType.PRODUCTION: 'PRODUCTION'>), Deployment(id=80, name='prod', type=<DeploymentType.PRODUCTION: 'PRODUCTION'>)], total=6)
# ---
