# serializer version: 1
# name: TestDynamicCommandExecution.test_command_execution[deployment_empty_deployments_json]
  dict({
    'items': list([
    ]),
    'total': 0,
  })
# ---
# name: TestDynamicCommandExecution.test_command_execution[deployment_success_multiple_deployments_json]
  dict({
    'items': list([
      dict({
        'id': 6935,
        'name': 'uat',
        'type': 'PRODUCTION',
      }),
      dict({
        'id': 6936,
        'name': 'excessive',
        'type': 'PRODUCTION',
      }),
      dict({
        'id': 84915,
        'name': 'ben-test',
        'type': 'PRODUCTION',
      }),
      dict({
        'id': 37,
        'name': 'ecs',
        'type': 'PRODUCTION',
      }),
      dict({
        'id': 6934,
        'name': 'staging',
        'type': 'PRODUCTION',
      }),
      dict({
        'id': 80,
        'name': 'prod',
        'type': 'PRODUCTION',
      }),
    ]),
    'total': 6,
  })
# ---
# name: TestDynamicCommandExecution.test_command_execution[deployment_success_multiple_deployments_text_text]
  '''
  Name: uat
  ID: 6935
  Type: PRODUCTION
  
  Name: excessive
  ID: 6936
  Type: PRODUCTION
  
  Name: ben-test
  ID: 84915
  Type: PRODUCTION
  
  Name: ecs
  ID: 37
  Type: PRODUCTION
  
  Name: staging
  ID: 6934
  Type: PRODUCTION
  
  Name: prod
  ID: 80
  Type: PRODUCTION
  
  '''
# ---
