# serializer version: 1
# name: TestFormatSchedules.test_format_empty_schedules_json_output[0]
  dict({
    'items': list([
    ]),
    'total': 0,
  })
# ---
# name: TestFormatSchedules.test_format_empty_schedules_text_output[0]
  ''
# ---
# name: TestFormatSchedules.test_format_minimal_schedule_json_output[0]
  dict({
    'cron_schedule': '*/15 * * * *',
    'description': None,
    'execution_timezone': None,
    'name': 'minimal_schedule',
    'next_tick_timestamp': None,
    'pipeline_name': 'minimal_pipeline',
    'status': 'STOPPED',
  })
# ---
# name: TestFormatSchedules.test_format_minimal_schedule_text_output[0]
  '''
  Name:          minimal_schedule
  Status:        STOPPED
  Cron Schedule: */15 * * * *
  Pipeline:      minimal_pipeline
  Description:   None
  '''
# ---
# name: TestFormatSchedules.test_format_schedules_json_output[0]
  dict({
    'items': list([
      dict({
        'cron_schedule': '0 0 * * *',
        'description': 'Runs daily at midnight',
        'execution_timezone': 'UTC',
        'name': 'daily_job',
        'next_tick_timestamp': 1705311000.0,
        'pipeline_name': 'daily_pipeline',
        'status': 'RUNNING',
      }),
      dict({
        'cron_schedule': '0 * * * *',
        'description': 'Runs every hour',
        'execution_timezone': 'America/New_York',
        'name': 'hourly_job',
        'next_tick_timestamp': None,
        'pipeline_name': 'hourly_pipeline',
        'status': 'STOPPED',
      }),
      dict({
        'cron_schedule': '*/5 * * * *',
        'description': None,
        'execution_timezone': None,
        'name': 'minimal_schedule',
        'next_tick_timestamp': None,
        'pipeline_name': 'quick_job',
        'status': 'RUNNING',
      }),
    ]),
    'total': 3,
  })
# ---
# name: TestFormatSchedules.test_format_schedules_text_output[0]
  '''
  NAME              STATUS   CRON         PIPELINE
  daily_job         RUNNING  0 0 * * *    daily_pipeline
  hourly_job        STOPPED  0 * * * *    hourly_pipeline
  minimal_schedule  RUNNING  */5 * * * *  quick_job
  '''
# ---
# name: TestFormatSchedules.test_format_single_schedule_json_output[0]
  dict({
    'cron_schedule': '0 0 * * *',
    'description': 'Critical production schedule',
    'execution_timezone': 'UTC',
    'name': 'critical_job',
    'next_tick_timestamp': 1705311900.0,
    'pipeline_name': 'critical_pipeline',
    'status': 'RUNNING',
  })
# ---
# name: TestFormatSchedules.test_format_single_schedule_text_output[0]
  '''
  Name:          critical_job
  Status:        RUNNING
  Cron Schedule: 0 0 * * *
  Pipeline:      critical_pipeline
  Description:   Critical production schedule
  Timezone:      UTC
  Next Tick:     2024-01-15 09:45:00 UTC
  '''
# ---
