// Jest Snapshot v1, https://goo.gl/fbAQLP

exports[`renders without error 1`] = `
Array [
  <div
    className="bp3-navbar"
  >
    <div
      className="bp3-navbar-group bp3-align-left"
    >
      <div
        className="bp3-navbar-heading"
      >
        <img
          style={
            Object {
              "height": 34,
            }
          }
        />
      </div>
      <div
        className="bp3-navbar-divider"
      />
      <div
        className="sc-brqgnP jyxKUE"
      >
        <span
          className="bp3-popover-wrapper"
        >
          <span
            className="bp3-popover-target"
            onClick={[Function]}
          >
            <div
              className=""
              onKeyDown={[Function]}
            >
              <button
                className="bp3-button"
                onKeyDown={[Function]}
                onKeyUp={[Function]}
                type="button"
              >
                <span
                  className="bp3-button-text"
                >
                  Select a Pipeline...
                </span>
                <svg
                  className="bp3-icon"
                  data-icon="double-caret-vertical"
                  height={16}
                  style={Object {}}
                  viewBox="0 0 16 16"
                  width={16}
                >
                  <desc>
                    double-caret-vertical
                  </desc>
                  <path
                    d="M5 7h6a1.003 1.003 0 0 0 .71-1.71l-3-3C8.53 2.11 8.28 2 8 2s-.53.11-.71.29l-3 3A1.003 1.003 0 0 0 5 7zm6 2H5a1.003 1.003 0 0 0-.71 1.71l3 3c.18.18.43.29.71.29s.53-.11.71-.29l3-3A1.003 1.003 0 0 0 11 9z"
                    fillRule="evenodd"
                  />
                </svg>
              </button>
            </div>
          </span>
        </span>
        <div
          className="sc-cMljjf bKfJvu"
        >
          /
        </div>
      </div>
    </div>
  </div>,
  <div
    className="bp3-non-ideal-state"
  >
    <h4
      className="bp3-heading"
    >
      No pipeline selected
    </h4>
    <div>
      Select a pipeline in the sidebar on the left
    </div>
  </div>,
]
`;
